# it's a comment
# the format of the file:
# 	 trainer of mva
#	 do not put CUT<=val here, trainer can't be used for events selection!
# Name:MethodName:FileInPath(path_to_file_xml):
# 	 mva computer
# Name:MethodName:FileInPath(path_to_weight_dir/MVACOMPUTER):CUT<=val
#
# _1_ _2_ etc are used in the names to save this unique order, 
#  because the lines below are parsed and stored in std::maps which performs always sorting , i.e. Compare=Less<key>
# 

# it's a computer, to produce mva
_0_BDTComp:BDT_266776:Analysis/HbbMSSMAnalysis/data/MVAWEIGHTS/BDT_2012_v3/weights/MVACOMPUTER:CUT<=10.0
# it's a trainer, to collect mva
_1_BDT:BDT_266776:Analysis/HbbMSSMAnalysis/data/treeBDT_2012_266776.xml:

# it's a computer+trainer

_2_BDTCompVeryTight:BDT_266776:Analysis/HbbMSSMAnalysis/data/MVAWEIGHTS/BDT_2012_v3/weights/MVACOMPUTER:CUT<=-0.25
_3_BDTSelVeryTight:BDT_266776:Analysis/HbbMSSMAnalysis/data/treeBDTSelVeryTight_2012_266776.xml:

# it's a computer+trainer

_4_BDTCompTight:BDT_266776:Analysis/HbbMSSMAnalysis/data/MVAWEIGHTS/BDT_2012_v3/weights/MVACOMPUTER:CUT<=0.0
_5_BDTSelTight:BDT_266776:Analysis/HbbMSSMAnalysis/data/treeBDTSelTight_2012_266776.xml:

# it's a computer+trainer

_6_BDTCompLoose:BDT_266776:Analysis/HbbMSSMAnalysis/data/MVAWEIGHTS/BDT_2012_v3/weights/MVACOMPUTER:CUT<=0.25
_7_BDTSelLoose:BDT_266776:Analysis/HbbMSSMAnalysis/data/treeBDTSelLoose_2012_266776.xml:

# it's a computer, to produce mva
_10_BDTComp:BDT_414230:Analysis/HbbMSSMAnalysis/data/MVAWEIGHTS/BDT_2012_v3/weights/MVACOMPUTER:CUT<=10.0
# it's a trainer, to collect mva
_11_BDT:BDT_414230:Analysis/HbbMSSMAnalysis/data/treeBDT_2012_414230.xml:

# it's a computer+trainer

_12_BDTCompVeryTight:BDT_414230:Analysis/HbbMSSMAnalysis/data/MVAWEIGHTS/BDT_2012_v3/weights/MVACOMPUTER:CUT<=0.0
_13_BDTSelVeryTight:BDT_414230:Analysis/HbbMSSMAnalysis/data/treeBDTSelVeryTight_2012_414230.xml:

# it's a computer+trainer

_14_BDTCompTight:BDT_414230:Analysis/HbbMSSMAnalysis/data/MVAWEIGHTS/BDT_2012_v3/weights/MVACOMPUTER:CUT<=0.25
_15_BDTSelTight:BDT_414230:Analysis/HbbMSSMAnalysis/data/treeBDTSelTight_2012_414230.xml:

# it's a computer+trainer

_16_BDTCompLoose:BDT_414230:Analysis/HbbMSSMAnalysis/data/MVAWEIGHTS/BDT_2012_v3/weights/MVACOMPUTER:CUT<=0.40
_17_BDTSelLoose:BDT_414230:Analysis/HbbMSSMAnalysis/data/treeBDTSelLoose_2012_414230.xml:


# it's a computer, to produce mva
_100_BDTComp:BDT_442599:Analysis/HbbMSSMAnalysis/data/MVAWEIGHTS/BDT_2012_v3/weights/MVACOMPUTER:CUT<=10.0
# it's a trainer, to collect mva
_101_BDT:BDT_442599:Analysis/HbbMSSMAnalysis/data/treeBDT_2012_442599.xml:

# it's a computer+trainer

_102_BDTCompVeryTight:BDT_442599:Analysis/HbbMSSMAnalysis/data/MVAWEIGHTS/BDT_2012_v3/weights/MVACOMPUTER:CUT<=-0.25
_103_BDTSelVeryTight:BDT_442599:Analysis/HbbMSSMAnalysis/data/treeBDTSelVeryTight_2012_442599.xml:

# it's a computer+trainer

_104_BDTCompTight:BDT_442599:Analysis/HbbMSSMAnalysis/data/MVAWEIGHTS/BDT_2012_v3/weights/MVACOMPUTER:CUT<=0.0
_105_BDTSelTight:BDT_442599:Analysis/HbbMSSMAnalysis/data/treeBDTSelTight_2012_442599.xml:

# it's a computer+trainer

_106_BDTCompLoose:BDT_442599:Analysis/HbbMSSMAnalysis/data/MVAWEIGHTS/BDT_2012_v3/weights/MVACOMPUTER:CUT<=0.25
_107_BDTSelLoose:BDT_442599:Analysis/HbbMSSMAnalysis/data/treeBDTSelLoose_2012_442599.xml:





# final computer

_108_BDTCompFinal:BDT_442599:Analysis/HbbMSSMAnalysis/data/MVAWEIGHTS/BDT_2012_v3/weights/MVACOMPUTER:CUT<=0.0
